// Jest Snapshot v1, https://goo.gl/fbAQLP

exports[`renders a message 1`] = `
<div
  className="MuiContainer-root MuiContainer-maxWidthLg"
>
  <div
    className="MuiGrid-root MuiGrid-container MuiGrid-align-items-xs-center"
  >
    <div
      className="MuiGrid-root MuiGrid-item MuiGrid-grid-sm-12 MuiGrid-grid-lg-8"
    >
      <div
        className="MuiContainer-root MuiContainer-maxWidthLg"
      >
        <div
          className="MuiContainer-root MuiContainer-maxWidthLg"
        >
          <div
            className="MuiGrid-root MuiGrid-container MuiGrid-spacing-xs-3"
          >
            <div
              className="MuiGrid-root MuiGrid-item MuiGrid-grid-xs-3"
            >
              <p
                className="MuiTypography-root MuiTypography-body1"
              >
                <h1>
                  rego.fyi
                </h1>
              </p>
            </div>
            <div
              className="MuiGrid-root MuiGrid-item MuiGrid-grid-xs-9"
            />
          </div>
        </div>
        <div
          className="MuiContainer-root MuiContainer-maxWidthLg"
        >
          <div
            className="MuiGrid-root MuiGrid-container MuiGrid-spacing-xs-3"
          >
            <div
              className="MuiGrid-root MuiGrid-item MuiGrid-grid-xs-6"
            >
              <div
                className="MuiFormControl-root"
              >
                <label
                  className="MuiFormLabel-root MuiInputLabel-root MuiInputLabel-formControl MuiInputLabel-animated MuiInputLabel-shrink MuiFormLabel-filled"
                  data-shrink={true}
                >
                  Method
                </label>
                <div
                  className="MuiInputBase-root MuiInput-root MuiInput-underline MuiInputBase-formControl MuiInput-formControl"
                  onClick={[Function]}
                >
                  <div
                    aria-haspopup="listbox"
                    className="MuiSelect-root MuiSelect-select MuiSelect-selectMenu MuiInputBase-input MuiInput-input"
                    onBlur={[Function]}
                    onFocus={[Function]}
                    onKeyDown={[Function]}
                    onMouseDown={[Function]}
                    role="button"
                    tabIndex={0}
                  >
                    GET
                  </div>
                  <input
                    aria-hidden={true}
                    className="MuiSelect-nativeInput"
                    onAnimationStart={[Function]}
                    onChange={[Function]}
                    required={false}
                    tabIndex={-1}
                    value="GET"
                  />
                  <svg
                    aria-hidden={true}
                    className="MuiSvgIcon-root MuiSelect-icon"
                    focusable="false"
                    viewBox="0 0 24 24"
                  >
                    <path
                      d="M7 10l5 5 5-5z"
                    />
                  </svg>
                </div>
              </div>
            </div>
            <div
              className="MuiGrid-root MuiGrid-item MuiGrid-grid-xs-6"
            >
              <div
                className="MuiFormControl-root"
              >
                <div
                  className="MuiFormControl-root MuiTextField-root"
                >
                  <label
                    className="MuiFormLabel-root MuiInputLabel-root MuiInputLabel-formControl MuiInputLabel-animated"
                    data-shrink={false}
                  >
                    Resource
                  </label>
                  <div
                    className="MuiInputBase-root MuiInput-root MuiInput-underline MuiInputBase-formControl MuiInput-formControl"
                    onClick={[Function]}
                  >
                    <input
                      aria-invalid={false}
                      autoFocus={false}
                      className="MuiInputBase-input MuiInput-input"
                      disabled={false}
                      onAnimationStart={[Function]}
                      onBlur={[Function]}
                      onChange={[Function]}
                      onFocus={[Function]}
                      required={false}
                      type="text"
                      value="/orders"
                    />
                  </div>
                </div>
              </div>
            </div>
          </div>
        </div>
        <div
          className="MuiContainer-root MuiContainer-maxWidthLg"
        >
          <fieldset
            className="MuiFormControl-root MuiFormControl-fullWidth"
          >
            <div
              className="MuiFormControl-root MuiTextField-root MuiFormControl-fullWidth"
            >
              <label
                className="MuiFormLabel-root MuiInputLabel-root MuiInputLabel-formControl MuiInputLabel-animated MuiInputLabel-filled"
                data-shrink={false}
                htmlFor="User info such as a JWT or session"
                id="User info such as a JWT or session-label"
              >
                User info such as a JWT or session
              </label>
              <div
                className="MuiInputBase-root MuiFilledInput-root MuiFilledInput-underline MuiInputBase-fullWidth MuiInputBase-formControl MuiInputBase-multiline MuiFilledInput-multiline"
                onClick={[Function]}
              >
                <textarea
                  aria-invalid={false}
                  autoFocus={false}
                  className="MuiInputBase-input MuiFilledInput-input MuiInputBase-inputMultiline MuiFilledInput-inputMultiline"
                  disabled={false}
                  id="User info such as a JWT or session"
                  onAnimationStart={[Function]}
                  onBlur={[Function]}
                  onChange={[Function]}
                  onFocus={[Function]}
                  required={false}
                  rows={1}
                  style={
                    Object {
                      "height": -4,
                      "overflow": "hidden",
                    }
                  }
                  value="{\\"permissions\\":[\\"start_order\\"],\\"resource\\":\\"/orders\\",\\"method\\":\\"GET\\",\\"subscriptions\\":[\\"newsletter\\"]}"
                />
                <textarea
                  aria-hidden={true}
                  className="MuiInputBase-input MuiFilledInput-input MuiInputBase-inputMultiline MuiFilledInput-inputMultiline"
                  readOnly={true}
                  style={
                    Object {
                      "height": 0,
                      "left": 0,
                      "overflow": "hidden",
                      "position": "absolute",
                      "top": 0,
                      "transform": "translateZ(0)",
                      "visibility": "hidden",
                    }
                  }
                  tabIndex={-1}
                />
              </div>
            </div>
          </fieldset>
        </div>
        <div
          className="MuiContainer-root MuiContainer-maxWidthLg"
        >
          <fieldset
            className="MuiFormControl-root MuiFormControl-fullWidth"
          >
            <div
              className="MuiFormControl-root MuiTextField-root MuiFormControl-fullWidth"
            >
              <label
                className="MuiFormLabel-root MuiInputLabel-root MuiInputLabel-formControl MuiInputLabel-animated MuiInputLabel-filled"
                data-shrink={false}
                htmlFor="Rego policy loaded from disk or other storage"
                id="Rego policy loaded from disk or other storage-label"
              >
                Rego policy loaded from disk or other storage
              </label>
              <div
                className="MuiInputBase-root MuiFilledInput-root MuiFilledInput-underline MuiInputBase-fullWidth MuiInputBase-formControl MuiInputBase-multiline MuiFilledInput-multiline"
                onClick={[Function]}
              >
                <textarea
                  aria-invalid={false}
                  autoFocus={false}
                  className="MuiInputBase-input MuiFilledInput-input MuiInputBase-inputMultiline MuiFilledInput-inputMultiline"
                  disabled={false}
                  id="Rego policy loaded from disk or other storage"
                  onAnimationStart={[Function]}
                  onBlur={[Function]}
                  onChange={[Function]}
                  onFocus={[Function]}
                  required={false}
                  rows={1}
                  style={
                    Object {
                      "height": -4,
                      "overflow": "hidden",
                    }
                  }
                  value="package entitlements

import data.requests
import data.permissions
import data.subscriptions

default allow = false

allow {
    check_entitlements[input]
}

check_entitlements[input] {
    r = requests[_]
    some i; match_with_wildcard(data.permissions, input.permissions[i])
    some j; match_with_wildcard(data.subscriptions, input.subscriptions[j])
    match_with_wildcard(r.methods, input.method)
    match_with_wildcard(r.resources, input.resource)
}

match_with_wildcard(allowed, value) {
    allowed[_] = \\"*\\"
}
match_with_wildcard(allowed, value) {
    allowed[_] = value
}"
                />
                <textarea
                  aria-hidden={true}
                  className="MuiInputBase-input MuiFilledInput-input MuiInputBase-inputMultiline MuiFilledInput-inputMultiline"
                  readOnly={true}
                  style={
                    Object {
                      "height": 0,
                      "left": 0,
                      "overflow": "hidden",
                      "position": "absolute",
                      "top": 0,
                      "transform": "translateZ(0)",
                      "visibility": "hidden",
                    }
                  }
                  tabIndex={-1}
                />
              </div>
            </div>
          </fieldset>
        </div>
        <div
          className="MuiContainer-root MuiContainer-maxWidthLg"
        >
          <fieldset
            className="MuiFormControl-root MuiFormControl-fullWidth"
          >
            <div
              className="MuiFormControl-root MuiTextField-root MuiFormControl-fullWidth"
            >
              <label
                className="MuiFormLabel-root MuiInputLabel-root MuiInputLabel-formControl MuiInputLabel-animated MuiInputLabel-filled"
                data-shrink={false}
                htmlFor="Data loaded from disk or other storage for making policy decisions"
                id="Data loaded from disk or other storage for making policy decisions-label"
              >
                Data loaded from disk or other storage for making policy decisions
              </label>
              <div
                className="MuiInputBase-root MuiFilledInput-root MuiFilledInput-underline MuiInputBase-fullWidth MuiInputBase-formControl MuiInputBase-multiline MuiFilledInput-multiline"
                onClick={[Function]}
              >
                <textarea
                  aria-invalid={false}
                  autoFocus={false}
                  className="MuiInputBase-input MuiFilledInput-input MuiInputBase-inputMultiline MuiFilledInput-inputMultiline"
                  disabled={false}
                  id="Data loaded from disk or other storage for making policy decisions"
                  onAnimationStart={[Function]}
                  onBlur={[Function]}
                  onChange={[Function]}
                  onFocus={[Function]}
                  required={false}
                  rows={1}
                  style={
                    Object {
                      "height": -4,
                      "overflow": "hidden",
                    }
                  }
                  value="{\\"requests\\":[{\\"methods\\":[\\"GET\\"],\\"resources\\":[\\"/orders\\"]}],\\"permissions\\":[\\"start_order\\",\\"view_invoice\\"],\\"subscriptions\\":[\\"newsletter\\"]}"
                />
                <textarea
                  aria-hidden={true}
                  className="MuiInputBase-input MuiFilledInput-input MuiInputBase-inputMultiline MuiFilledInput-inputMultiline"
                  readOnly={true}
                  style={
                    Object {
                      "height": 0,
                      "left": 0,
                      "overflow": "hidden",
                      "position": "absolute",
                      "top": 0,
                      "transform": "translateZ(0)",
                      "visibility": "hidden",
                    }
                  }
                  tabIndex={-1}
                />
              </div>
            </div>
          </fieldset>
        </div>
        <button
          className="MuiButtonBase-root MuiButton-root MuiButton-text MuiButton-textPrimary"
          disabled={false}
          onBlur={[Function]}
          onClick={[Function]}
          onDragLeave={[Function]}
          onFocus={[Function]}
          onKeyDown={[Function]}
          onKeyUp={[Function]}
          onMouseDown={[Function]}
          onMouseLeave={[Function]}
          onMouseUp={[Function]}
          onTouchEnd={[Function]}
          onTouchMove={[Function]}
          onTouchStart={[Function]}
          tabIndex={0}
          type="button"
        >
          <span
            className="MuiButton-label"
          >
            Send Request
          </span>
          <span
            className="MuiTouchRipple-root"
          />
        </button>
      </div>
    </div>
    <div
      className="MuiGrid-root MuiGrid-item MuiGrid-grid-sm-12 MuiGrid-grid-lg-4"
    >
      <div
        className="MuiContainer-root MuiContainer-maxWidthLg"
      >
        <div
          className="MuiPaper-root MuiAccordion-root MuiAccordion-rounded MuiPaper-elevation1 MuiPaper-rounded"
        >
          <div
            area-controls="panel1a-content"
            aria-disabled={false}
            aria-expanded={false}
            className="MuiButtonBase-root MuiAccordionSummary-root"
            onBlur={[Function]}
            onClick={[Function]}
            onDragLeave={[Function]}
            onFocus={[Function]}
            onKeyDown={[Function]}
            onKeyUp={[Function]}
            onMouseDown={[Function]}
            onMouseLeave={[Function]}
            onMouseUp={[Function]}
            onTouchEnd={[Function]}
            onTouchMove={[Function]}
            onTouchStart={[Function]}
            role="button"
            tabIndex={0}
          >
            <div
              className="MuiAccordionSummary-content"
            >
              <p
                className="MuiTypography-root MuiTypography-body1"
              >
                <h4>
                  What is this?
                </h4>
              </p>
            </div>
            <div
              aria-disabled={false}
              aria-hidden={true}
              className="MuiButtonBase-root MuiIconButton-root MuiAccordionSummary-expandIcon MuiIconButton-edgeEnd"
              onBlur={[Function]}
              onDragLeave={[Function]}
              onFocus={[Function]}
              onKeyDown={[Function]}
              onKeyUp={[Function]}
              onMouseDown={[Function]}
              onMouseLeave={[Function]}
              onMouseUp={[Function]}
              onTouchEnd={[Function]}
              onTouchMove={[Function]}
              onTouchStart={[Function]}
              role={null}
              tabIndex={null}
            >
              <span
                className="MuiIconButton-label"
              >
                <svg
                  aria-hidden={true}
                  className="MuiSvgIcon-root"
                  focusable="false"
                  viewBox="0 0 24 24"
                >
                  <path
                    d="M16.59 8.59L12 13.17 7.41 8.59 6 10l6 6 6-6z"
                  />
                </svg>
              </span>
              <span
                className="MuiTouchRipple-root"
              />
            </div>
          </div>
          <div
            className="MuiCollapse-container MuiCollapse-hidden"
            style={
              Object {
                "minHeight": "0px",
              }
            }
          >
            <div
              className="MuiCollapse-wrapper"
            >
              <div
                className="MuiCollapse-wrapperInner"
              >
                <div
                  role="region"
                >
                  <div
                    className="MuiAccordionDetails-root"
                  >
                    <p
                      className="MuiTypography-root MuiTypography-body1"
                    >
                      I was interested to see if I could use rego in a serverless environment. I put together a demo that involved using a REST client, copying tokens around and stuff like that. I decided my demo was terrible and resolved to do something better, this, which is at least better than that demo.
                    </p>
                  </div>
                </div>
              </div>
            </div>
          </div>
        </div>
        <div
          className="MuiPaper-root MuiAccordion-root MuiAccordion-rounded MuiPaper-elevation1 MuiPaper-rounded"
        >
          <div
            area-controls="panel1a-content"
            aria-disabled={false}
            aria-expanded={false}
            className="MuiButtonBase-root MuiAccordionSummary-root"
            onBlur={[Function]}
            onClick={[Function]}
            onDragLeave={[Function]}
            onFocus={[Function]}
            onKeyDown={[Function]}
            onKeyUp={[Function]}
            onMouseDown={[Function]}
            onMouseLeave={[Function]}
            onMouseUp={[Function]}
            onTouchEnd={[Function]}
            onTouchMove={[Function]}
            onTouchStart={[Function]}
            role="button"
            tabIndex={0}
          >
            <div
              className="MuiAccordionSummary-content"
            >
              <p
                className="MuiTypography-root MuiTypography-body1"
              >
                <h4>
                  How do I use it?
                </h4>
              </p>
            </div>
            <div
              aria-disabled={false}
              aria-hidden={true}
              className="MuiButtonBase-root MuiIconButton-root MuiAccordionSummary-expandIcon MuiIconButton-edgeEnd"
              onBlur={[Function]}
              onDragLeave={[Function]}
              onFocus={[Function]}
              onKeyDown={[Function]}
              onKeyUp={[Function]}
              onMouseDown={[Function]}
              onMouseLeave={[Function]}
              onMouseUp={[Function]}
              onTouchEnd={[Function]}
              onTouchMove={[Function]}
              onTouchStart={[Function]}
              role={null}
              tabIndex={null}
            >
              <span
                className="MuiIconButton-label"
              >
                <svg
                  aria-hidden={true}
                  className="MuiSvgIcon-root"
                  focusable="false"
                  viewBox="0 0 24 24"
                >
                  <path
                    d="M16.59 8.59L12 13.17 7.41 8.59 6 10l6 6 6-6z"
                  />
                </svg>
              </span>
              <span
                className="MuiTouchRipple-root"
              />
            </div>
          </div>
          <div
            className="MuiCollapse-container MuiCollapse-hidden"
            style={
              Object {
                "minHeight": "0px",
              }
            }
          >
            <div
              className="MuiCollapse-wrapper"
            >
              <div
                className="MuiCollapse-wrapperInner"
              >
                <div
                  role="region"
                >
                  <div
                    className="MuiAccordionDetails-root"
                  >
                    <p
                      className="MuiTypography-root MuiTypography-body1"
                    >
                      <p>
                        Edit any of the three text blocks and select an HTTP method and path. The top and bottom should have JSON data and are validated. The middle one is written in
                         
                        <a
                          className="MuiTypography-root MuiLink-root MuiLink-underlineHover MuiTypography-colorPrimary"
                          href="https://www.openpolicyagent.org/docs/latest/policy-language/"
                          onBlur={[Function]}
                          onFocus={[Function]}
                          rel="noopener"
                          target="_blank"
                        >
                          rego
                        </a>
                         
                        and isn't validated (yet) but you could use
                         
                        <a
                          className="MuiTypography-root MuiLink-root MuiLink-underlineHover MuiTypography-colorPrimary"
                          href="https://play.openpolicyagent.org/"
                          onBlur={[Function]}
                          onFocus={[Function]}
                          rel="noopener"
                          target="_blank"
                        >
                          The Rego Playground
                        </a>
                        .
                      </p>
                      <p>
                        When you click the SEND REQUEST button, the app will encode all three text blocks and make an HTTP request to the serverless backend. The backend will decode the token, compile the rego policy, evaluate the policy with the other payloads, then return the appropriate response.
                      </p>
                    </p>
                  </div>
                </div>
              </div>
            </div>
          </div>
        </div>
        <div
          className="MuiPaper-root MuiAccordion-root MuiAccordion-rounded MuiPaper-elevation1 MuiPaper-rounded"
        >
          <div
            area-controls="panel1a-content"
            aria-disabled={false}
            aria-expanded={false}
            className="MuiButtonBase-root MuiAccordionSummary-root"
            onBlur={[Function]}
            onClick={[Function]}
            onDragLeave={[Function]}
            onFocus={[Function]}
            onKeyDown={[Function]}
            onKeyUp={[Function]}
            onMouseDown={[Function]}
            onMouseLeave={[Function]}
            onMouseUp={[Function]}
            onTouchEnd={[Function]}
            onTouchMove={[Function]}
            onTouchStart={[Function]}
            role="button"
            tabIndex={0}
          >
            <div
              className="MuiAccordionSummary-content"
            >
              <p
                className="MuiTypography-root MuiTypography-body1"
              >
                <h4>
                  Architecture
                </h4>
              </p>
            </div>
            <div
              aria-disabled={false}
              aria-hidden={true}
              className="MuiButtonBase-root MuiIconButton-root MuiAccordionSummary-expandIcon MuiIconButton-edgeEnd"
              onBlur={[Function]}
              onDragLeave={[Function]}
              onFocus={[Function]}
              onKeyDown={[Function]}
              onKeyUp={[Function]}
              onMouseDown={[Function]}
              onMouseLeave={[Function]}
              onMouseUp={[Function]}
              onTouchEnd={[Function]}
              onTouchMove={[Function]}
              onTouchStart={[Function]}
              role={null}
              tabIndex={null}
            >
              <span
                className="MuiIconButton-label"
              >
                <svg
                  aria-hidden={true}
                  className="MuiSvgIcon-root"
                  focusable="false"
                  viewBox="0 0 24 24"
                >
                  <path
                    d="M16.59 8.59L12 13.17 7.41 8.59 6 10l6 6 6-6z"
                  />
                </svg>
              </span>
              <span
                className="MuiTouchRipple-root"
              />
            </div>
          </div>
          <div
            className="MuiCollapse-container MuiCollapse-hidden"
            style={
              Object {
                "minHeight": "0px",
              }
            }
          >
            <div
              className="MuiCollapse-wrapper"
            >
              <div
                className="MuiCollapse-wrapperInner"
              >
                <div
                  role="region"
                >
                  <div
                    className="MuiAccordionDetails-root"
                  >
                    <p
                      className="MuiTypography-root MuiTypography-body1"
                    >
                      <p>
                        The web app is written in React and is an S3 website. The API uses API Gateway and Lambda. Nothing sent to the API is stored, but there's some logging in place.
                      </p>
                      <p>
                        The backend consists of two Lambda functions, an authorizer written in golang and a handler written in NodeJS. The authorizer is implemented with
                         
                        <a
                          className="MuiTypography-root MuiLink-root MuiLink-underlineHover MuiTypography-colorPrimary"
                          href="https://github.com/open-policy-agent/opa"
                          onBlur={[Function]}
                          onFocus={[Function]}
                          rel="noopener"
                          target="_blank"
                        >
                          opa packages
                        </a>
                        .
                      </p>
                    </p>
                  </div>
                </div>
              </div>
            </div>
          </div>
        </div>
        <div
          className="MuiPaper-root MuiAccordion-root MuiAccordion-rounded MuiPaper-elevation1 MuiPaper-rounded"
        >
          <div
            area-controls="panel1a-content"
            aria-disabled={false}
            aria-expanded={false}
            className="MuiButtonBase-root MuiAccordionSummary-root"
            onBlur={[Function]}
            onClick={[Function]}
            onDragLeave={[Function]}
            onFocus={[Function]}
            onKeyDown={[Function]}
            onKeyUp={[Function]}
            onMouseDown={[Function]}
            onMouseLeave={[Function]}
            onMouseUp={[Function]}
            onTouchEnd={[Function]}
            onTouchMove={[Function]}
            onTouchStart={[Function]}
            role="button"
            tabIndex={0}
          >
            <div
              className="MuiAccordionSummary-content"
            >
              <p
                className="MuiTypography-root MuiTypography-body1"
              >
                <h4>
                  Production use?
                </h4>
              </p>
            </div>
            <div
              aria-disabled={false}
              aria-hidden={true}
              className="MuiButtonBase-root MuiIconButton-root MuiAccordionSummary-expandIcon MuiIconButton-edgeEnd"
              onBlur={[Function]}
              onDragLeave={[Function]}
              onFocus={[Function]}
              onKeyDown={[Function]}
              onKeyUp={[Function]}
              onMouseDown={[Function]}
              onMouseLeave={[Function]}
              onMouseUp={[Function]}
              onTouchEnd={[Function]}
              onTouchMove={[Function]}
              onTouchStart={[Function]}
              role={null}
              tabIndex={null}
            >
              <span
                className="MuiIconButton-label"
              >
                <svg
                  aria-hidden={true}
                  className="MuiSvgIcon-root"
                  focusable="false"
                  viewBox="0 0 24 24"
                >
                  <path
                    d="M16.59 8.59L12 13.17 7.41 8.59 6 10l6 6 6-6z"
                  />
                </svg>
              </span>
              <span
                className="MuiTouchRipple-root"
              />
            </div>
          </div>
          <div
            className="MuiCollapse-container MuiCollapse-hidden"
            style={
              Object {
                "minHeight": "0px",
              }
            }
          >
            <div
              className="MuiCollapse-wrapper"
            >
              <div
                className="MuiCollapse-wrapperInner"
              >
                <div
                  role="region"
                >
                  <div
                    className="MuiAccordionDetails-root"
                  >
                    <p
                      className="MuiTypography-root MuiTypography-body1"
                    >
                      <p>
                        This? Nope. You don't want your authorization system to accept a policy from the client. Something like this? Very possibly.
                      </p>
                    </p>
                  </div>
                </div>
              </div>
            </div>
          </div>
        </div>
        <div
          className="MuiPaper-root MuiAccordion-root MuiAccordion-rounded MuiPaper-elevation1 MuiPaper-rounded"
        >
          <div
            area-controls="panel1a-content"
            aria-disabled={false}
            aria-expanded={false}
            className="MuiButtonBase-root MuiAccordionSummary-root"
            onBlur={[Function]}
            onClick={[Function]}
            onDragLeave={[Function]}
            onFocus={[Function]}
            onKeyDown={[Function]}
            onKeyUp={[Function]}
            onMouseDown={[Function]}
            onMouseLeave={[Function]}
            onMouseUp={[Function]}
            onTouchEnd={[Function]}
            onTouchMove={[Function]}
            onTouchStart={[Function]}
            role="button"
            tabIndex={0}
          >
            <div
              className="MuiAccordionSummary-content"
            >
              <p
                className="MuiTypography-root MuiTypography-body1"
              >
                <h4>
                  Open Policy Agent
                </h4>
              </p>
            </div>
            <div
              aria-disabled={false}
              aria-hidden={true}
              className="MuiButtonBase-root MuiIconButton-root MuiAccordionSummary-expandIcon MuiIconButton-edgeEnd"
              onBlur={[Function]}
              onDragLeave={[Function]}
              onFocus={[Function]}
              onKeyDown={[Function]}
              onKeyUp={[Function]}
              onMouseDown={[Function]}
              onMouseLeave={[Function]}
              onMouseUp={[Function]}
              onTouchEnd={[Function]}
              onTouchMove={[Function]}
              onTouchStart={[Function]}
              role={null}
              tabIndex={null}
            >
              <span
                className="MuiIconButton-label"
              >
                <svg
                  aria-hidden={true}
                  className="MuiSvgIcon-root"
                  focusable="false"
                  viewBox="0 0 24 24"
                >
                  <path
                    d="M16.59 8.59L12 13.17 7.41 8.59 6 10l6 6 6-6z"
                  />
                </svg>
              </span>
              <span
                className="MuiTouchRipple-root"
              />
            </div>
          </div>
          <div
            className="MuiCollapse-container MuiCollapse-hidden"
            style={
              Object {
                "minHeight": "0px",
              }
            }
          >
            <div
              className="MuiCollapse-wrapper"
            >
              <div
                className="MuiCollapse-wrapperInner"
              >
                <div
                  role="region"
                >
                  <div
                    className="MuiAccordionDetails-root"
                  >
                    <p
                      className="MuiTypography-root MuiTypography-body1"
                    >
                      <p>
                        I'm not affiliated.
                         
                        <a
                          className="MuiTypography-root MuiLink-root MuiLink-underlineHover MuiTypography-colorPrimary"
                          href="https://www.openpolicyagent.org/"
                          onBlur={[Function]}
                          onFocus={[Function]}
                          rel="noopener"
                          target="_blank"
                        >
                          Learn more.
                        </a>
                      </p>
                    </p>
                  </div>
                </div>
              </div>
            </div>
          </div>
        </div>
        <div
          className="MuiPaper-root MuiAccordion-root MuiAccordion-rounded MuiPaper-elevation1 MuiPaper-rounded"
        >
          <div
            area-controls="panel1a-content"
            aria-disabled={false}
            aria-expanded={false}
            className="MuiButtonBase-root MuiAccordionSummary-root"
            onBlur={[Function]}
            onClick={[Function]}
            onDragLeave={[Function]}
            onFocus={[Function]}
            onKeyDown={[Function]}
            onKeyUp={[Function]}
            onMouseDown={[Function]}
            onMouseLeave={[Function]}
            onMouseUp={[Function]}
            onTouchEnd={[Function]}
            onTouchMove={[Function]}
            onTouchStart={[Function]}
            role="button"
            tabIndex={0}
          >
            <div
              className="MuiAccordionSummary-content"
            >
              <p
                className="MuiTypography-root MuiTypography-body1"
              >
                <h4>
                  Me
                </h4>
              </p>
            </div>
            <div
              aria-disabled={false}
              aria-hidden={true}
              className="MuiButtonBase-root MuiIconButton-root MuiAccordionSummary-expandIcon MuiIconButton-edgeEnd"
              onBlur={[Function]}
              onDragLeave={[Function]}
              onFocus={[Function]}
              onKeyDown={[Function]}
              onKeyUp={[Function]}
              onMouseDown={[Function]}
              onMouseLeave={[Function]}
              onMouseUp={[Function]}
              onTouchEnd={[Function]}
              onTouchMove={[Function]}
              onTouchStart={[Function]}
              role={null}
              tabIndex={null}
            >
              <span
                className="MuiIconButton-label"
              >
                <svg
                  aria-hidden={true}
                  className="MuiSvgIcon-root"
                  focusable="false"
                  viewBox="0 0 24 24"
                >
                  <path
                    d="M16.59 8.59L12 13.17 7.41 8.59 6 10l6 6 6-6z"
                  />
                </svg>
              </span>
              <span
                className="MuiTouchRipple-root"
              />
            </div>
          </div>
          <div
            className="MuiCollapse-container MuiCollapse-hidden"
            style={
              Object {
                "minHeight": "0px",
              }
            }
          >
            <div
              className="MuiCollapse-wrapper"
            >
              <div
                className="MuiCollapse-wrapperInner"
              >
                <div
                  role="region"
                >
                  <div
                    className="MuiAccordionDetails-root"
                  >
                    <p
                      className="MuiTypography-root MuiTypography-body1"
                    >
                      <p>
                        Hello, come find me
                         
                        <a
                          className="MuiTypography-root MuiLink-root MuiLink-underlineHover twitter-follow-button MuiTypography-colorPrimary"
                          data-show-count="false"
                          href="https://twitter.com/NullishCoalesce?ref_src=twsrc%5Etfw"
                          onBlur={[Function]}
                          onFocus={[Function]}
                        >
                          Follow @TwitterDev
                        </a>
                      </p>
                    </p>
                  </div>
                </div>
              </div>
            </div>
          </div>
        </div>
      </div>
    </div>
  </div>
</div>
`;
