// Jest Snapshot v1, https://goo.gl/fbAQLP

exports[`lambda builds get functions 1`] = `
Object {
  "Parameters": Any<Object>,
  "Resources": Object {
    "AuthZFun2B67BA45": Object {
      "DependsOn": Array [
        "AuthZFunServiceRoleFC1807CF",
      ],
      "Properties": Object {
        "Architectures": Array [
          "arm64",
        ],
        "Code": Any<Object>,
        "Handler": "main",
        "Role": Object {
          "Fn::GetAtt": Array [
            "AuthZFunServiceRoleFC1807CF",
            "Arn",
          ],
        },
        "Runtime": "provided.al2",
      },
      "Type": "AWS::Lambda::Function",
    },
    "AuthZFunServiceRoleFC1807CF": Object {
      "Properties": Object {
        "AssumeRolePolicyDocument": Object {
          "Statement": Array [
            Object {
              "Action": "sts:AssumeRole",
              "Effect": "Allow",
              "Principal": Object {
                "Service": "lambda.amazonaws.com",
              },
            },
          ],
          "Version": "2012-10-17",
        },
        "ManagedPolicyArns": Array [
          Object {
            "Fn::Join": Array [
              "",
              Array [
                "arn:",
                Object {
                  "Ref": "AWS::Partition",
                },
                ":iam::aws:policy/service-role/AWSLambdaBasicExecutionRole",
              ],
            ],
          },
        ],
      },
      "Type": "AWS::IAM::Role",
    },
    "LambdalithFnE6677028": Object {
      "DependsOn": Array [
        "LambdalithFnServiceRoleEAD0A948",
      ],
      "Properties": Object {
        "Architectures": Array [
          "arm64",
        ],
        "Code": Any<Object>,
        "Environment": Object {
          "Variables": Object {
            "AWS_NODEJS_CONNECTION_REUSE_ENABLED": "1",
          },
        },
        "Handler": "index.handler",
        "Role": Object {
          "Fn::GetAtt": Array [
            "LambdalithFnServiceRoleEAD0A948",
            "Arn",
          ],
        },
        "Runtime": "nodejs14.x",
      },
      "Type": "AWS::Lambda::Function",
    },
    "LambdalithFnServiceRoleEAD0A948": Object {
      "Properties": Object {
        "AssumeRolePolicyDocument": Object {
          "Statement": Array [
            Object {
              "Action": "sts:AssumeRole",
              "Effect": "Allow",
              "Principal": Object {
                "Service": "lambda.amazonaws.com",
              },
            },
          ],
          "Version": "2012-10-17",
        },
        "ManagedPolicyArns": Array [
          Object {
            "Fn::Join": Array [
              "",
              Array [
                "arn:",
                Object {
                  "Ref": "AWS::Partition",
                },
                ":iam::aws:policy/service-role/AWSLambdaBasicExecutionRole",
              ],
            ],
          },
        ],
      },
      "Type": "AWS::IAM::Role",
    },
  },
}
`;
